// Jest Snapshot v1, https://goo.gl/fbAQLP

exports[`<Header> Matches previous snapshot 1`] = `
<body>
  <div>
    <h2
      class="MuiTypography-root MuiTypography-h2"
    >
      Awesome Header
    </h2>
  </div>
</body>
`;
